// Jest Snapshot v1, https://goo.gl/fbAQLP

exports[`Manual case Initial Hearing summary should render the component 1`] = `
<manual-case-hearing-summary
  courtCentre={[Function Object]}
  courtCentres={[Function Array]}
  edit={[Function EventEmitter_]}
  hearingTypes={[Function Array]}
  initialHearing={[Function Object]}
>
  <div
    class="hearing-details govuk-!-margin-bottom-7"
    pdk-margin-bottom="7"
  >
    <pdk-divider
      class="margin-top-0"
    >
      <hr
        class="pdk-divider"
      />
    </pdk-divider>
    <pdk-grid
      container=""
    >
      <pdk-grid
        two-thirds=""
      >
        <span
          class="table-header"
          pdk-typography="heading-medium"
        >
        </span>
      </pdk-grid>
      <pdk-grid
        class="change-link"
        one-third=""
      >
        <a
          data-role="hearing-change-link"
          href="javascript:void(0)"
          pdk-link=""
          unvisited=""
        >
        </a>
      </pdk-grid>
    </pdk-grid>
    <table
      pdk-table=""
    >
      <tbody
        pdk-table-body=""
      >
        <tr
          class="table-row"
          pdk-table-row=""
        >
          <th
            class="header"
            pdk-table-header="row"
          >
          </th>
          <td
            class="data"
            data-role="court-name"
            id="hearing-court-name"
            pdk-table-cell=""
          >
          </td>
        </tr>
        <tr
          class="table-row"
          pdk-table-row=""
        >
          <th
            class="header"
            pdk-table-header="row"
            scope="row"
          >
          </th>
          <td
            class="data"
            data-role="court-room"
            id="hearing-room-name"
            pdk-table-cell=""
          >
          </td>
        </tr>
        <tr
          class="table-row"
          pdk-table-row=""
        >
          <th
            class="header"
            pdk-table-header="row"
          >
          </th>
          <td
            class="data"
            data-role="hearing-date"
            id="hearing-date"
            pdk-table-cell=""
          >
          </td>
        </tr>
        <tr
          class="table-row"
          pdk-table-row=""
        >
          <th
            class="header"
            pdk-table-header="row"
          >
          </th>
          <td
            class="data"
            data-role="start-time"
            id="hearing-time"
            pdk-table-cell=""
          >
          </td>
        </tr>
        <tr
          class="table-row"
          pdk-table-row=""
        >
          <th
            class="header"
            pdk-table-header="row"
          >
          </th>
          <td
            class="data"
            data-role="hearing-duration"
            id="hearing-duration"
            pdk-table-cell=""
          >
          </td>
        </tr>
        <tr
          class="table-row"
          pdk-table-row=""
        >
          <th
            class="header"
            pdk-table-header="row"
          >
          </th>
          <td
            class="data"
            data-role="hearing-language"
            id="hearing-language"
            pdk-table-cell=""
          >
          </td>
        </tr>
      </tbody>
    </table>
  </div>
</manual-case-hearing-summary>
`;
