// Jest Snapshot v1, https://goo.gl/fbAQLP

exports[`DownloadDocumentComponent should compile correctly 1`] = `
<download-document-test
  document={[Function Object]}
>
  <download-document>
    <div
      class="download-document govuk-!-margin-top-2 govuk-!-margin-bottom-2"
      pdk-margin-vertical="2"
    >
      <pdk-file-download-icon
        style="display: inline-block; vertical-align: middle;"
      >
        <div
          style="display: flex; align-items: center; justify-content: center;"
        >
          <i
            style="height: 39px; width: 39px; fill: black;"
          >
            <svg
              height="100%"
              viewBox="0 0 30 39"
              width="100%"
            >
              <g
                transform="translate(0, 39) scale(0.1, -0.1)"
              >
                <path
                  d="M0 220 l0 -170 125 0 125 0 0 170 0 170 -125 0 -125 0 0 -170z"
                />
                <path
                  d="M270 185 l0 -155 -110 0 c-91 0 -110 -3 -110 -15 0 -13 21 -15 125 -15 l125 0 0 170 c0 144 -2 170 -15 170 -13 0 -15 -24 -15 -155z"
                />
              </g>
            </svg>
          </i>
        </div>
      </pdk-file-download-icon>
      <div
        class="document-item"
      >
        <a
          class="govuk-link govuk-body-xs"
          href="javascript:void(0);"
          pdk-link=""
          pdk-typography="body-xsmall"
        >
           Plea 
        </a>
        <br />
        <span
          class="govuk-body-xs"
          pdk-typography="body-xsmall"
        >
          PDF
        </span>
      </div>
      <div
        class="clear"
      />
      <p>
        Added at 25 February 2019 at 12:00 am
      </p>
    </div>
  </download-document>
</download-document-test>
`;
