// Jest Snapshot v1, https://goo.gl/fbAQLP

exports[`AccessibilityComponent should render correctly 1`] = `
<test-accessibility>
  <h1>
    Accessibility statement for ATCM
  </h1><atcm-accessibility>
    <pdk-grid
      container=""
    >
      <pdk-grid
        one-third=""
      >
        <h1
          class="heading-medium"
          style="margin-top: 60px;"
        >
           atcm.accessibility.nav.title 
        </h1>
        <ul
          class="list list-view"
        >
          <li>
            <a
              class="govuk-link"
              fragment="a11y-statement"
              href="/#a11y-statement"
              pdk-link=""
            >
               atcm.accessibility.nav.statementLink 
            </a>
          </li>
          <li>
            <a
              class="govuk-link"
              fragment="a11y-what-to-do"
              href="/#a11y-what-to-do"
              pdk-link=""
            >
               atcm.accessibility.nav.whatToDoLink 
            </a>
          </li>
          <li>
            <a
              class="govuk-link"
              fragment="a11y-enforcement-procedure"
              href="/#a11y-enforcement-procedure"
              pdk-link=""
            >
               atcm.accessibility.nav.enforcementProcedureLink 
            </a>
          </li>
          <li>
            <a
              class="govuk-link"
              fragment="a11y-technical-information"
              href="/#a11y-technical-information"
              pdk-link=""
            >
               atcm.accessibility.nav.technicalInformationLink 
            </a>
          </li>
          <li>
            <a
              class="govuk-link"
              fragment="a11y-what-we-re-doing"
              href="/#a11y-what-we-re-doing"
              pdk-link=""
            >
               atcm.accessibility.nav.whatWereDoingLink 
            </a>
          </li>
        </ul>
      </pdk-grid>
      <pdk-grid
        two-thirds=""
      >
        <h1
          class="govuk-heading-l"
          pdk-typography="heading-large"
        >
           atcm.accessibility.title 
          <a
            id="a11y-statement"
          />
        </h1>
        <p
          class="govuk-body-m"
          pdk-typography="body-medium"
        >
          atcm.accessibility.statement.paragraph1
        </p>
        <ul
          class="list list-bullet"
        >
          <li
            class="govuk-body-m"
            pdk-typography="body-medium"
          >
            atcm.accessibility.statement.bullets.font_size
          </li>
          <li
            class="govuk-body-m"
            pdk-typography="body-medium"
          >
            atcm.accessibility.statement.bullets.zoom_up
          </li>
          <li
            class="govuk-body-m"
            pdk-typography="body-medium"
          >
            atcm.accessibility.statement.bullets.navigate_keyboard
          </li>
          <li
            class="govuk-body-m"
            pdk-typography="body-medium"
          >
            atcm.accessibility.statement.bullets.navigate_speech
          </li>
          <li
            class="govuk-body-m"
            pdk-typography="body-medium"
          >
            atcm.accessibility.statement.bullets.listen_screen_reader
          </li>
        </ul>
        <p
          class="govuk-body-m"
          pdk-typography="body-medium"
        >
          atcm.accessibility.statement.paragraph2
        </p>
        <p
          class="govuk-body-m"
          pdk-typography="body-medium"
        >
          <a
            href="https://mcmw.abilitynet.org.uk/"
            target="_blank"
          >
            AbilityNet (atcm.accessibility.opens_new_window)
          </a>
           atcm.accessibility.statement.paragraph3 
        </p>
        <h2
          class="govuk-heading-m"
          pdk-typography="heading-medium"
        >
           atcm.accessibility.what_to_do.title 
          <a
            id="a11y-what-to-do"
          />
        </h2>
        <p
          class="govuk-body-m"
          pdk-typography="body-medium"
        >
           atcm.accessibility.what_to_do.paragraph1 
        </p>
        <p
          class="govuk-body-m"
          pdk-typography="body-medium"
        >
           • atcm.accessibility.what_to_do.email 
          <a
            href="mailto:cjscp-pmo@hmcts.net"
            target="_blank"
          >
            cjscp-pmo@hmcts.net
          </a>
        </p>
        <p
          class="govuk-body-m"
          pdk-typography="body-medium"
        >
           atcm.accessibility.what_to_do.paragraph1b 
        </p>
        <h2
          class="govuk-heading-m"
          pdk-typography="heading-medium"
        >
           atcm.accessibility.enforcement.title 
          <a
            id="a11y-enforcement-procedure"
          />
        </h2>
        <p
          class="govuk-body-m"
          pdk-typography="body-medium"
        >
           atcm.accessibility.enforcement.paragraph1 
          <a
            href="https://www.equalityadvisoryservice.com/"
            target="_blank"
          >
             atcm.accessibility.enforcement.link (atcm.accessibility.opens_new_window) 
          </a>
        </p>
        <h2
          class="govuk-heading-m"
          pdk-typography="heading-medium"
        >
           atcm.accessibility.technical.title 
          <a
            id="a11y-technical-information"
          />
        </h2>
        <p
          class="govuk-body-m"
          pdk-typography="body-medium"
        >
          atcm.accessibility.technical.paragraph1
        </p>
        <p
          class="govuk-body-m"
          pdk-typography="body-medium"
        >
          atcm.accessibility.technical.paragraph2
        </p>
        <h2
          class="govuk-heading-m"
          pdk-typography="heading-medium"
        >
           atcm.accessibility.what-were-doing.title 
          <a
            id="a11y-what-we-re-doing"
          />
        </h2>
        <p
          class="govuk-body-m"
          pdk-typography="body-medium"
        >
          atcm.accessibility.what-were-doing.paragraph1
        </p>
        <p
          class="govuk-body-m"
          pdk-typography="body-medium"
        >
          atcm.accessibility.what-were-doing.paragraph2
        </p>
        <p
          class="govuk-body-m"
          pdk-typography="body-medium"
        >
          atcm.accessibility.what-were-doing.paragraph3
        </p>
        <p
          class="govuk-body-m"
          pdk-typography="body-medium"
        >
          atcm.accessibility.what-were-doing.paragraph4
        </p>
      </pdk-grid>
    </pdk-grid>
  </atcm-accessibility>
</test-accessibility>
`;
