// Jest Snapshot v1, https://goo.gl/fbAQLP

exports[`OnlinePleaDetailsContainer should compile correctly 1`] = `
<online-plea-details-container
  kase$={[Function _Store]}
  onlinePlea$={[Function _Store]}
  store={[Function _MockStore]}
  userGroups$={[Function _Store]}
>
  <online-plea-details>
    <div>
    </div>
    <div>
      [
    {
      "caseId": "caseId",
      "defendantId": "defendantId",
      "submittedOn": "2019-10-18",
      "onlinePleaDetails": [
        {
          "id": "onlinePleaId1",
          "offenceId": "offenceId1",
          "caseId": "caseId",
          "defendantId": "defendantId",
          "plea": "NOT_GUILTY",
          "notGuiltyBecause": "Not guilty plea1",
          "offenceTitle": "Obstruct person executing search warrant for TV receiver",
          "pleasGuilty": false
        },
        {
          "id": "onlinePleaId2",
          "offenceId": "offenceId2",
          "caseId": "caseId",
          "defendantId": "defendantId",
          "plea": "GUILTY",
          "mitigation": "Guilty plea mitigation2",
          "offenceTitle": "Use / install a television set without a licence",
          "pleasGuilty": true
        }
      ],
      "personalDetails": {
        "firstName": "Seyit Ahmet Kamil",
        "lastName": "GUNGOR",
        "address": {
          "address1": "Line 11",
          "address2": "Line 22",
          "address3": "Line 33",
          "address4": "Line 44",
          "address5": "Line 55",
          "postcode": "SE16 5UD"
        },
        "homeTelephone": "1111111111",
        "mobile": "22222222222",
        "email": "a@b.co",
        "dateOfBirth": "1960-09-09",
        "nationalInsuranceNumber": "AA123456D",
        "hasDriverLicense": false,
        "hasUkDriverLicense": false
      },
      "pleaDetails": {
        "interpreterLanguage": "turkish",
        "witnessDetails": "ter the name and add",
        "unavailability": "no days",
        "speakWelsh": true,
        "outstandingFines": true,
        "interpreterRequired": true,
        "doHaveOwnWitness": true,
        "existsUnavailability": true,
        "hasHearing": true
      },
      "employment": {
        "incomePaymentFrequency": "WEEKLY",
        "incomePaymentAmount": 0,
        "employmentStatus": "UNEMPLOYED",
        "benefitsClaimed": true,
        "benefitsType": "childcare",
        "benefitsDeductPenaltyPreference": false,
        "status": "UNEMPLOYED",
        "wantGiveIncomeBenefitDetails": true,
        "incomeAfterTaxType": "Weekly"
      },
      "outgoings": {
        "accommodationAmount": 1,
        "councilTaxAmount": 2,
        "householdBillsAmount": 3,
        "travelExpensesAmount": 4,
        "childMaintenanceAmount": 5,
        "otherDescription": "TV licence",
        "otherAmount": 23,
        "monthlyAmount": 38,
        "showDetailsOfMonthlyBillings": true
      }
    }
  ]
    </div>
    <div>
      null
    </div>
  </online-plea-details><button
    class="govuk-button"
    id="onlinePleaBackButton"
    pdk-button=""
    pdk-margin-top="4"
    routerlink="../"
    tabindex="0"
  >
     Back 
  </button>
</online-plea-details-container>
`;
