// Jest Snapshot v1, https://goo.gl/fbAQLP

exports[` Search reducer default should set the state 1`] = `null`;

exports[` Search reducer when reset search should set the state 1`] = `null`;

exports[` Search reducer when search success should set the state 1`] = `
{
  "foundCasesWithOutdatedDefendantsName": true,
  "keyword": "search",
  "results": [
    {
      "caseId": "caseId",
    },
  ],
}
`;
