// Jest Snapshot v1, https://goo.gl/fbAQLP

exports[`Individual Defendant Form Component should render the component correctly when case type is SJP 1`] = `
<individual-defendant-form
  aliasesReset={[Function Boolean]}
  form={[Function _NgForm]}
  formError={[Function EventEmitter_]}
  formSubmit={[Function EventEmitter_]}
  getUuid={[Function Function]}
  goBack={[Function EventEmitter_]}
  manualCaseDefendant={[Function Object]}
  manualCaseType={[Function String]}
  param={[Function Object]}
  remandStatuses={[Function Array]}
  showAddButton={[Function Boolean]}
  submitAction=""
>
  <form
    class="ng-untouched ng-pristine ng-valid"
    novalidate=""
    pdk-form=""
  >
    <div
      data-test-id="defendant"
    >
      <div
        ngmodelgroup="individual"
      >
        <div
          ngmodelgroup="personalInformation"
        >
          <pdk-form-field
            class="govuk-!-margin-top-4"
            labeltype="small"
            pdk-margin-top="4"
          >
            <pdk-form-group
              class="pdk-form-group"
            >
              <label
                class="govuk-label govuk-label--s"
                for="pdk-form-control-undefined-GENERATED_ID"
              >
                 MANUAL_CASE_DEFENDANT.TITLE 
              </label>
              <input
                class="govuk-input ng-untouched ng-pristine ng-valid"
                id="pdk-form-control-undefined-GENERATED_ID"
                maxlength="35"
                name="title"
                pdk-input=""
                pdk-text-input=""
                required=""
                type="text"
              />
            </pdk-form-group>
          </pdk-form-field>
          <pdk-form-field
            labeltype="small"
          >
            <pdk-form-group
              class="pdk-form-group"
            >
              <label
                class="govuk-label govuk-label--s"
                for="pdk-form-control-undefined-GENERATED_ID"
              >
                 MANUAL_CASE_DEFENDANT.FORENAMES 
              </label>
              <input
                class="govuk-input ng-untouched ng-pristine ng-valid"
                data-role="forename-input"
                id="pdk-form-control-undefined-GENERATED_ID"
                maxlength="35"
                name="firstName"
                pdk-input=""
                pdk-text-input=""
                required=""
                type="text"
              />
            </pdk-form-group>
          </pdk-form-field>
          <pdk-form-field
            labeltype="small"
          >
            <pdk-form-group
              class="pdk-form-group"
            >
              <label
                class="govuk-label govuk-label--s"
                for="pdk-form-control-undefined-GENERATED_ID"
              >
                 MANUAL_CASE_DEFENDANT.SURNAME 
              </label>
              <input
                class="govuk-input ng-untouched ng-pristine ng-valid"
                data-role="surname-input"
                id="pdk-form-control-undefined-GENERATED_ID"
                maxlength="35"
                name="lastName"
                pdk-input=""
                pdk-text-input=""
                required=""
                type="text"
              />
            </pdk-form-group>
          </pdk-form-field>
        </div>
      </div>
      <div
        ngmodelgroup="individual"
      >
        <div
          ngmodelgroup="selfDefinedInformation"
        >
          <pdk-form-field
            hint=""
            labeltype="small"
          >
            <pdk-form-group
              class="pdk-form-group"
            >
              <fieldset
                class="govuk-fieldset"
                pdk-fieldset=""
              >
                <legend
                  class="govuk-fieldset__legend govuk-fieldset__legend--s"
                >
                   MANUAL_CASE_DEFENDANT.DATE_OF_BIRTH 
                </legend>
                <pdk-hint
                  class="govuk-hint"
                >
                  <div>
                     For example, 23 10 2017 
                  </div>
                </pdk-hint>
                <pdk-date-input
                  class="ng-untouched ng-pristine ng-valid"
                  data-role="dob-input"
                  name="dateOfBirth"
                >
                  <pdk-interaction-container>
                    <div>
                      <div
                        class="pdk-date-input"
                      >
                        <div
                          class="govuk-date-input ng-untouched ng-pristine ng-invalid"
                        >
                          <div
                            class="govuk-date-input__item"
                          >
                            <label
                              class="govuk-date-input__label govuk-label"
                              for="pdk-date-input-GENERATED_ID-day"
                              pdk-label=""
                            >
                               Day 
                            </label>
                            <input
                              autocomplete="off"
                              class="govuk-date-input__input ng-untouched ng-pristine ng-invalid govuk-input govuk-input--width-2"
                              formcontrolname="day"
                              id="pdk-date-input-GENERATED_ID-day"
                              name="dateDay"
                              required=""
                              type="number"
                            />
                          </div>
                          <div
                            class="govuk-date-input__item"
                          >
                            <label
                              class="govuk-date-input__label govuk-label"
                              for="pdk-date-input-GENERATED_ID-month"
                              pdk-label=""
                            >
                               Month 
                            </label>
                            <input
                              autocomplete="off"
                              class="govuk-date-input__input ng-untouched ng-pristine ng-invalid govuk-input govuk-input--width-2"
                              formcontrolname="month"
                              id="pdk-date-input-GENERATED_ID-month"
                              name="dateMonth"
                              required=""
                              type="number"
                            />
                          </div>
                          <div
                            class="govuk-date-input__item"
                          >
                            <label
                              class="govuk-date-input__label govuk-label"
                              for="pdk-date-input-GENERATED_ID-year"
                              pdk-label=""
                            >
                               Year 
                            </label>
                            <input
                              autocomplete="off"
                              class="govuk-date-input__input ng-untouched ng-pristine ng-invalid govuk-input govuk-input--width-4"
                              formcontrolname="year"
                              id="pdk-date-input-GENERATED_ID-year"
                              name="dateYear"
                              required=""
                              type="number"
                            />
                          </div>
                        </div>
                      </div>
                    </div>
                  </pdk-interaction-container>
                </pdk-date-input>
              </fieldset>
            </pdk-form-group>
          </pdk-form-field>
        </div>
        <div
          ngmodelgroup="personalInformation"
        >
        </div>
      </div>
      <pdk-form-field
        labeltype="small"
      >
        <pdk-form-group
          class="pdk-form-group"
        >
          <label
            class="govuk-label govuk-label--s"
            for="pdk-form-control-undefined-GENERATED_ID"
          >
             MANUAL_CASE_DEFENDANT.NUMBER_OF_CONVICTIONS 
          </label>
          <input
            class="govuk-input ng-untouched ng-pristine ng-valid"
            id="pdk-form-control-undefined-GENERATED_ID"
            name="numPreviousConvictions"
            pdk-input=""
            pdk-text-input="number"
            type="number"
          />
        </pdk-form-group>
      </pdk-form-field>
      <pdk-form-field
        labeltype="small"
      >
        <pdk-form-group
          class="pdk-form-group"
        >
          <label
            class="govuk-label govuk-label--s"
            for="pdk-form-control-undefined-GENERATED_ID"
          >
             MANUAL_CASE_DEFENDANT.ARREST_SUMMONS_NUMBER_OPTIONAL 
          </label>
          <input
            class="govuk-input ng-untouched ng-pristine ng-valid"
            id="pdk-form-control-undefined-GENERATED_ID"
            maxlength="20"
            name="asn"
            pdk-input=""
            pdk-text-input=""
            type="text"
          />
        </pdk-form-group>
      </pdk-form-field>
      <div
        data-test-id="individualDefendantContactDetails"
        ngmodelgroup="individual"
      >
        <div
          ngmodelgroup="personalInformation"
        >
          <h2
            class="bold govuk-!-margin-bottom-3 govuk-heading-m"
            pdk-margin-bottom="3"
            pdk-typography="heading-medium"
          >
             MANUAL_CASE_DEFENDANT.DEFENDANT_ADDRESS 
          </h2>
          <pdk-form-field
            class="govuk-!-margin-bottom-3"
            labeltype="small"
            pdk-margin-bottom="3"
          >
            <pdk-form-group
              class="pdk-form-group"
            >
              <fieldset
                class="govuk-fieldset"
                pdk-fieldset=""
              >
                <legend
                  class="govuk-fieldset__legend govuk-fieldset__legend--s"
                >
                   MANUAL_CASE_DEFENDANT.ADDRESS 
                </legend>
                <input-address
                  class="ng-untouched ng-pristine ng-valid"
                  data-role="address-input"
                  id="address"
                  name="address"
                >
                  <div
                    class="govuk-!-margin-bottom-6 ng-untouched ng-pristine ng-invalid"
                    pdk-margin-bottom="6"
                  >
                    <pdk-form-group
                      class="pdk-form-group"
                    >
                      <label
                        class="govuk-!-margin-top-6 govuk-label govuk-label--s"
                        for="address-control-undefined-GENERATED_ID-address1"
                        pdk-label="small"
                        pdk-margin-top="6"
                      >
                         Address line 1 
                      </label>
                      <input
                        class="form-control govuk-input ng-untouched ng-pristine ng-invalid"
                        id="address-control-undefined-GENERATED_ID-address1"
                        maxlength="35"
                        name="address1"
                        pdk-input=""
                        pdk-text-input=""
                        required=""
                        type="text"
                      />
                    </pdk-form-group>
                    <pdk-form-group
                      class="pdk-form-group"
                    >
                      <label
                        class="govuk-!-margin-top-6 govuk-label govuk-label--s"
                        for="address-control-undefined-GENERATED_ID-address2"
                        pdk-label="small"
                        pdk-margin-top="6"
                      >
                         Address line 2 (optional) 
                      </label>
                      <input
                        class="form-control govuk-input ng-untouched ng-pristine ng-invalid"
                        id="address-control-undefined-GENERATED_ID-address2"
                        maxlength="35"
                        name="address2"
                        pdk-input=""
                        pdk-text-input=""
                        required=""
                        type="text"
                      />
                    </pdk-form-group>
                    <pdk-form-group
                      class="pdk-form-group"
                    >
                      <label
                        class="govuk-!-margin-top-6 govuk-label govuk-label--s"
                        for="address-control-undefined-GENERATED_ID-address3"
                        pdk-label="small"
                        pdk-margin-top="6"
                      >
                         Address line 3 (optional) 
                      </label>
                      <input
                        class="form-control govuk-input ng-untouched ng-pristine ng-invalid"
                        id="address-control-undefined-GENERATED_ID-address3"
                        maxlength="35"
                        name="address3"
                        pdk-input=""
                        pdk-text-input=""
                        required=""
                        type="text"
                      />
                    </pdk-form-group>
                    <pdk-form-group
                      class="pdk-form-group"
                    >
                      <label
                        class="govuk-!-margin-top-6 govuk-label govuk-label--s"
                        for="address-control-undefined-GENERATED_ID-address4"
                        pdk-label="small"
                        pdk-margin-top="6"
                      >
                         Address line 4 (optional) 
                      </label>
                      <input
                        class="form-control govuk-input ng-untouched ng-pristine ng-invalid"
                        id="address-control-undefined-GENERATED_ID-address4"
                        maxlength="35"
                        name="address4"
                        pdk-input=""
                        pdk-text-input=""
                        required=""
                        type="text"
                      />
                    </pdk-form-group>
                    <pdk-form-group
                      class="pdk-form-group"
                    >
                      <label
                        class="govuk-!-margin-top-6 govuk-label govuk-label--s"
                        for="address-control-undefined-GENERATED_ID-address5"
                        pdk-label="small"
                        pdk-margin-top="6"
                      >
                         Address line 5 (optional) 
                      </label>
                      <input
                        class="form-control govuk-input ng-untouched ng-pristine ng-invalid"
                        id="address-control-undefined-GENERATED_ID-address5"
                        maxlength="35"
                        name="address5"
                        pdk-input=""
                        pdk-text-input=""
                        required=""
                        type="text"
                      />
                    </pdk-form-group>
                    <pdk-form-group
                      class="pdk-form-group"
                    >
                      <label
                        class="govuk-!-margin-top-6 govuk-label govuk-label--s"
                        for="address-control-undefined-GENERATED_ID-postcode"
                        pdk-label="small"
                        pdk-margin-top="6"
                      >
                         Postcode 
                      </label>
                      <input
                        class="form-control govuk-input ng-untouched ng-pristine ng-invalid"
                        id="address-control-undefined-GENERATED_ID-postcode"
                        maxlength="8"
                        name="postcode"
                        pdk-input=""
                        pdk-text-input=""
                        required=""
                        type="text"
                      />
                    </pdk-form-group>
                  </div>
                </input-address>
              </fieldset>
            </pdk-form-group>
          </pdk-form-field>
          <h2
            class="bold govuk-!-margin-bottom-3 govuk-heading-m"
            pdk-margin-bottom="3"
            pdk-typography="heading-medium"
          >
             MANUAL_CASE_DEFENDANT.DEFENDANT_CONTACT_DETAILS 
          </h2>
          <div
            ngmodelgroup="contactDetails"
          >
            <pdk-form-field
              labeltype="small"
            >
              <pdk-form-group
                class="pdk-form-group"
              >
                <label
                  class="govuk-label govuk-label--s"
                  for="pdk-form-control-undefined-GENERATED_ID"
                >
                   MANUAL_CASE_DEFENDANT.EMAIL 
                </label>
                <input
                  class="govuk-input ng-untouched ng-pristine ng-valid"
                  id="pdk-form-control-undefined-GENERATED_ID"
                  maxlength="255"
                  name="primaryEmail"
                  pdk-input=""
                  pdk-text-input=""
                  type="email"
                  validateemail=""
                />
              </pdk-form-group>
            </pdk-form-field>
            <pdk-form-field
              labeltype="small"
            >
              <pdk-form-group
                class="pdk-form-group"
              >
                <label
                  class="govuk-label govuk-label--s"
                  for="pdk-form-control-undefined-GENERATED_ID"
                >
                   MANUAL_CASE_DEFENDANT.PHONE 
                </label>
                <input
                  class="govuk-input ng-untouched ng-pristine ng-valid"
                  id="pdk-form-control-undefined-GENERATED_ID"
                  maxlength="20"
                  name="work"
                  pdk-input=""
                  pdk-text-input=""
                  type="tel"
                  validatephone=""
                />
              </pdk-form-group>
            </pdk-form-field>
          </div>
        </div>
      </div>
      <h2
        class="bold govuk-!-margin-bottom-3 govuk-heading-m"
        pdk-margin-bottom="3"
        pdk-typography="heading-medium"
      >
         MANUAL_CASE_DEFENDANT.DEFENDANT_NEEDS 
      </h2>
      <pdk-form-field
        labeltype="small"
      >
        <pdk-form-group
          class="pdk-form-group"
        >
          <fieldset
            class="govuk-fieldset"
            pdk-fieldset=""
          >
            <legend
              class="govuk-fieldset__legend govuk-fieldset__legend--s"
            >
               MANUAL_CASE_DEFENDANT.WRITTEN_LANGUAGE_NEEDS 
            </legend>
            <pdk-radio-group
              class="ng-untouched ng-pristine ng-valid"
              name="documentationLanguage"
              required=""
            >
              <div
                class="govuk-radios govuk-radios--inline"
              >
                <pdk-radio-button
                  value="ENGLISH"
                >
                  <div
                    class="govuk-radios__item"
                  >
                    <input
                      class="govuk-radios__input"
                      id="pdk-radio-GENERATED_ID"
                      name="pdk-radio-group-GENERATED_ID"
                      type="radio"
                      value="ENGLISH"
                    />
                    <label
                      class="govuk-radios__label govuk-label"
                      for="pdk-radio-GENERATED_ID"
                      pdk-label=""
                    >
                      MANUAL_CASE_DEFENDANT.ENGLISH
                    </label>
                  </div>
                </pdk-radio-button>
                <pdk-radio-button
                  value="WELSH"
                >
                  <div
                    class="govuk-radios__item"
                  >
                    <input
                      class="govuk-radios__input"
                      id="pdk-radio-GENERATED_ID"
                      name="pdk-radio-group-GENERATED_ID"
                      type="radio"
                      value="WELSH"
                    />
                    <label
                      class="govuk-radios__label govuk-label"
                      for="pdk-radio-GENERATED_ID"
                      pdk-label=""
                    >
                      MANUAL_CASE_DEFENDANT.WELSH
                    </label>
                  </div>
                </pdk-radio-button>
              </div>
            </pdk-radio-group>
          </fieldset>
        </pdk-form-group>
      </pdk-form-field>
      <pdk-form-field
        labeltype="small"
      >
        <pdk-form-group
          class="pdk-form-group"
        >
          <fieldset
            class="govuk-fieldset"
            pdk-fieldset=""
          >
            <legend
              class="govuk-fieldset__legend govuk-fieldset__legend--s"
            >
               MANUAL_CASE_DEFENDANT.HEARING_LANGUAGE_NEEDS 
            </legend>
            <pdk-radio-group
              class="ng-untouched ng-pristine ng-valid"
              name="hearingLanguage"
              required=""
            >
              <div
                class="govuk-radios govuk-radios--inline"
              >
                <pdk-radio-button
                  value="ENGLISH"
                >
                  <div
                    class="govuk-radios__item"
                  >
                    <input
                      class="govuk-radios__input"
                      id="pdk-radio-GENERATED_ID"
                      name="pdk-radio-group-GENERATED_ID"
                      type="radio"
                      value="ENGLISH"
                    />
                    <label
                      class="govuk-radios__label govuk-label"
                      for="pdk-radio-GENERATED_ID"
                      pdk-label=""
                    >
                      MANUAL_CASE_DEFENDANT.ENGLISH
                    </label>
                  </div>
                </pdk-radio-button>
                <pdk-radio-button
                  value="WELSH"
                >
                  <div
                    class="govuk-radios__item"
                  >
                    <input
                      class="govuk-radios__input"
                      id="pdk-radio-GENERATED_ID"
                      name="pdk-radio-group-GENERATED_ID"
                      type="radio"
                      value="WELSH"
                    />
                    <label
                      class="govuk-radios__label govuk-label"
                      for="pdk-radio-GENERATED_ID"
                      pdk-label=""
                    >
                      MANUAL_CASE_DEFENDANT.WELSH
                    </label>
                  </div>
                </pdk-radio-button>
              </div>
            </pdk-radio-group>
          </fieldset>
        </pdk-form-group>
      </pdk-form-field>
    </div>
    <pdk-form-group
      class="pdk-form-group"
    >
      <button
        class="govuk-button"
        data-role="continue"
        pdk-button=""
        type="submit"
      >
         MANUAL_CASE_DEFENDANT.CONTINUE 
      </button>
    </pdk-form-group>
    <p
      class="govuk-!-margin-top-3"
      pdk-margin-top="3"
    >
      <a
        class="govuk-link govuk-link--no-visited-state"
        href="javascript:void(0)"
        pdk-link=""
        unvisited=""
      >
         MANUAL_CASE_DEFENDANT.BACK 
      </a>
    </p>
  </form>
</individual-defendant-form>
`;
